<?xml version="1.0" encoding="utf-8"?>
<TestRun id="4202651b-b0e7-4aa1-bd28-466aa740b049" name="Ryzen@DESKTOP-9H3TDUQ 2025-10-31 22:16:19" runUser="DESKTOP-9H3TDUQ\Ryzen" xmlns="http://microsoft.com/schemas/VisualStudio/TeamTest/2010">
  <Times creation="2025-10-31T22:16:19.0138275-05:00" queuing="2025-10-31T22:16:19.0138279-05:00" start="2025-10-31T22:16:17.1693949-05:00" finish="2025-10-31T22:16:22.2389246-05:00" />
  <TestSettings name="default" id="fa90a549-a780-405e-a71d-9b8a9f96cc43">
    <Deployment runDeploymentRoot="Ryzen_DESKTOP-9H3TDUQ_2025-10-31_22_16_19" />
  </TestSettings>
  <Results>
    <UnitTestResult executionId="001799b7-83e6-4497-8a0c-d0dad4fc7679" testId="64bad227-7021-d9dc-095e-23c449142857" testName="EjecutarComandoDesdeElControlRemoto(&quot;Skip&quot;,&quot;Skipping to the next song.&quot;,null)" computerName="DESKTOP-9H3TDUQ" duration="00:00:00.0004760" startTime="2025-10-31T22:16:17.7540003-05:00" endTime="2025-10-31T22:16:17.7544758-05:00" testType="13cdc9d9-ddb5-4fa4-a97d-d965ccfc6d4b" outcome="Passed" testListId="8c84fa94-04c1-424b-9868-57a2d4851a1d" relativeResultsDirectory="001799b7-83e6-4497-8a0c-d0dad4fc7679">
      <Output>
        <StdOut>Given un reproductor de música&#xD;
-&gt; done: MusicRemoteSteps.GivenUnReproductorDeMusica() (0,0s)&#xD;
And un control remoto de música&#xD;
-&gt; done: MusicRemoteSteps.GivenUnControlRemotoDeMusica() (0,0s)&#xD;
And el comando Skip configurado en el control remoto&#xD;
-&gt; done: MusicRemoteSteps.GivenElComandoConfiguradoEnElControlRemoto("Skip") (0,0s)&#xD;
When presiono el botón del control remoto&#xD;
-&gt; done: MusicRemoteSteps.WhenPresionoElBotonDelControlRemoto() (0,0s)&#xD;
Then recibo el mensaje Skipping to the next song.&#xD;
-&gt; done: MusicRemoteSteps.ThenReciboElMensaje("Skipping to the n...") (0,0s)</StdOut>
      </Output>
    </UnitTestResult>
    <UnitTestResult executionId="5eb64757-e7ce-469a-a339-068fc1dd1503" testId="4378bcd1-9057-499e-4eb8-6d2de90d8a81" testName="EjecutarComandoDesdeElControlRemoto(&quot;Pause&quot;,&quot;Pausing the song.&quot;,null)" computerName="DESKTOP-9H3TDUQ" duration="00:00:00.0011440" startTime="2025-10-31T22:16:17.7528324-05:00" endTime="2025-10-31T22:16:17.7539762-05:00" testType="13cdc9d9-ddb5-4fa4-a97d-d965ccfc6d4b" outcome="Passed" testListId="8c84fa94-04c1-424b-9868-57a2d4851a1d" relativeResultsDirectory="5eb64757-e7ce-469a-a339-068fc1dd1503">
      <Output>
        <StdOut>Given un reproductor de música&#xD;
-&gt; done: MusicRemoteSteps.GivenUnReproductorDeMusica() (0,0s)&#xD;
And un control remoto de música&#xD;
-&gt; done: MusicRemoteSteps.GivenUnControlRemotoDeMusica() (0,0s)&#xD;
And el comando Pause configurado en el control remoto&#xD;
-&gt; done: MusicRemoteSteps.GivenElComandoConfiguradoEnElControlRemoto("Pause") (0,0s)&#xD;
When presiono el botón del control remoto&#xD;
-&gt; done: MusicRemoteSteps.WhenPresionoElBotonDelControlRemoto() (0,0s)&#xD;
Then recibo el mensaje Pausing the song.&#xD;
-&gt; done: MusicRemoteSteps.ThenReciboElMensaje("Pausing the song.") (0,0s)</StdOut>
      </Output>
    </UnitTestResult>
    <UnitTestResult executionId="d2242a08-aa17-4e66-b9bf-9cf0fce3b977" testId="9124d6c2-db7f-512c-f56a-b1c77b8116ed" testName="EjecutarComandoDesdeElControlRemoto(&quot;Play&quot;,&quot;Playing the song.&quot;,null)" computerName="DESKTOP-9H3TDUQ" duration="00:00:00.0250310" startTime="2025-10-31T22:16:17.7267878-05:00" endTime="2025-10-31T22:16:17.7517714-05:00" testType="13cdc9d9-ddb5-4fa4-a97d-d965ccfc6d4b" outcome="Passed" testListId="8c84fa94-04c1-424b-9868-57a2d4851a1d" relativeResultsDirectory="d2242a08-aa17-4e66-b9bf-9cf0fce3b977">
      <Output>
        <StdOut>Given un reproductor de música&#xD;
-&gt; done: MusicRemoteSteps.GivenUnReproductorDeMusica() (0,0s)&#xD;
And un control remoto de música&#xD;
-&gt; done: MusicRemoteSteps.GivenUnControlRemotoDeMusica() (0,0s)&#xD;
And el comando Play configurado en el control remoto&#xD;
-&gt; done: MusicRemoteSteps.GivenElComandoConfiguradoEnElControlRemoto("Play") (0,0s)&#xD;
When presiono el botón del control remoto&#xD;
-&gt; done: MusicRemoteSteps.WhenPresionoElBotonDelControlRemoto() (0,0s)&#xD;
Then recibo el mensaje Playing the song.&#xD;
-&gt; done: MusicRemoteSteps.ThenReciboElMensaje("Playing the song.") (0,0s)</StdOut>
      </Output>
    </UnitTestResult>
  </Results>
  <TestDefinitions>
    <UnitTest name="EjecutarComandoDesdeElControlRemoto(&quot;Skip&quot;,&quot;Skipping to the next song.&quot;,null)" storage="c:\nueva carpeta\examen-2025-ii-si784-u2-nestorsnibz\tests\musicapp.bddtests\bin\release\net8.0\musicapp.bddtests.dll" id="64bad227-7021-d9dc-095e-23c449142857">
      <Execution id="001799b7-83e6-4497-8a0c-d0dad4fc7679" />
      <TestMethod codeBase="C:\Nueva carpeta\examen-2025-ii-si784-u2-NestorSnIbz\tests\MusicApp.BddTests\bin\Release\net8.0\MusicApp.BddTests.dll" adapterTypeName="executor://nunit3testexecutor/" className="MusicApp.BddTests.Features.ControlDeMusicaConComandosFeature" name="EjecutarComandoDesdeElControlRemoto(&quot;Skip&quot;,&quot;Skipping to the next song.&quot;,null)" />
    </UnitTest>
    <UnitTest name="EjecutarComandoDesdeElControlRemoto(&quot;Play&quot;,&quot;Playing the song.&quot;,null)" storage="c:\nueva carpeta\examen-2025-ii-si784-u2-nestorsnibz\tests\musicapp.bddtests\bin\release\net8.0\musicapp.bddtests.dll" id="9124d6c2-db7f-512c-f56a-b1c77b8116ed">
      <Execution id="d2242a08-aa17-4e66-b9bf-9cf0fce3b977" />
      <TestMethod codeBase="C:\Nueva carpeta\examen-2025-ii-si784-u2-NestorSnIbz\tests\MusicApp.BddTests\bin\Release\net8.0\MusicApp.BddTests.dll" adapterTypeName="executor://nunit3testexecutor/" className="MusicApp.BddTests.Features.ControlDeMusicaConComandosFeature" name="EjecutarComandoDesdeElControlRemoto(&quot;Play&quot;,&quot;Playing the song.&quot;,null)" />
    </UnitTest>
    <UnitTest name="EjecutarComandoDesdeElControlRemoto(&quot;Pause&quot;,&quot;Pausing the song.&quot;,null)" storage="c:\nueva carpeta\examen-2025-ii-si784-u2-nestorsnibz\tests\musicapp.bddtests\bin\release\net8.0\musicapp.bddtests.dll" id="4378bcd1-9057-499e-4eb8-6d2de90d8a81">
      <Execution id="5eb64757-e7ce-469a-a339-068fc1dd1503" />
      <TestMethod codeBase="C:\Nueva carpeta\examen-2025-ii-si784-u2-NestorSnIbz\tests\MusicApp.BddTests\bin\Release\net8.0\MusicApp.BddTests.dll" adapterTypeName="executor://nunit3testexecutor/" className="MusicApp.BddTests.Features.ControlDeMusicaConComandosFeature" name="EjecutarComandoDesdeElControlRemoto(&quot;Pause&quot;,&quot;Pausing the song.&quot;,null)" />
    </UnitTest>
  </TestDefinitions>
  <TestEntries>
    <TestEntry testId="64bad227-7021-d9dc-095e-23c449142857" executionId="001799b7-83e6-4497-8a0c-d0dad4fc7679" testListId="8c84fa94-04c1-424b-9868-57a2d4851a1d" />
    <TestEntry testId="4378bcd1-9057-499e-4eb8-6d2de90d8a81" executionId="5eb64757-e7ce-469a-a339-068fc1dd1503" testListId="8c84fa94-04c1-424b-9868-57a2d4851a1d" />
    <TestEntry testId="9124d6c2-db7f-512c-f56a-b1c77b8116ed" executionId="d2242a08-aa17-4e66-b9bf-9cf0fce3b977" testListId="8c84fa94-04c1-424b-9868-57a2d4851a1d" />
  </TestEntries>
  <TestLists>
    <TestList name="Resultados sin formato de lista" id="8c84fa94-04c1-424b-9868-57a2d4851a1d" />
    <TestList name="Todos los resultados cargados" id="19431567-8539-422a-85d7-44ee4e166bda" />
  </TestLists>
  <ResultSummary outcome="Completed">
    <Counters total="3" executed="3" passed="3" failed="0" error="0" timeout="0" aborted="0" inconclusive="0" passedButRunAborted="0" notRunnable="0" notExecuted="0" disconnected="0" warning="0" completed="0" inProgress="0" pending="0" />
    <Output>
      <StdOut>NUnit Adapter 4.5.0.0: Test execution started&#xD;
Running all tests in C:\Nueva carpeta\examen-2025-ii-si784-u2-NestorSnIbz\tests\MusicApp.BddTests\bin\Release\net8.0\MusicApp.BddTests.dll&#xD;
   NUnit3TestExecutor discovered 3 of 3 NUnit test cases using Current Discovery mode, Non-Explicit run&#xD;
NUnit Adapter 4.5.0.0: Test execution complete&#xD;
</StdOut>
    </Output>
    <RunInfos>
      <RunInfo computerName="DESKTOP-9H3TDUQ" outcome="Warning" timestamp="2025-10-31T22:16:17.7634038-05:00">
        <Text>Given un reproductor de música&#xD;
-&gt; done: MusicRemoteSteps.GivenUnReproductorDeMusica() (0,0s)&#xD;
And un control remoto de música&#xD;
-&gt; done: MusicRemoteSteps.GivenUnControlRemotoDeMusica() (0,0s)&#xD;
And el comando Play configurado en el control remoto&#xD;
-&gt; done: MusicRemoteSteps.GivenElComandoConfiguradoEnElControlRemoto("Play") (0,0s)&#xD;
When presiono el botón del control remoto&#xD;
-&gt; done: MusicRemoteSteps.WhenPresionoElBotonDelControlRemoto() (0,0s)&#xD;
Then recibo el mensaje Playing the song.&#xD;
-&gt; done: MusicRemoteSteps.ThenReciboElMensaje("Playing the song.") (0,0s)&#xD;
</Text>
      </RunInfo>
      <RunInfo computerName="DESKTOP-9H3TDUQ" outcome="Warning" timestamp="2025-10-31T22:16:17.7665453-05:00">
        <Text>Given un reproductor de música&#xD;
-&gt; done: MusicRemoteSteps.GivenUnReproductorDeMusica() (0,0s)&#xD;
And un control remoto de música&#xD;
-&gt; done: MusicRemoteSteps.GivenUnControlRemotoDeMusica() (0,0s)&#xD;
And el comando Pause configurado en el control remoto&#xD;
-&gt; done: MusicRemoteSteps.GivenElComandoConfiguradoEnElControlRemoto("Pause") (0,0s)&#xD;
When presiono el botón del control remoto&#xD;
-&gt; done: MusicRemoteSteps.WhenPresionoElBotonDelControlRemoto() (0,0s)&#xD;
Then recibo el mensaje Pausing the song.&#xD;
-&gt; done: MusicRemoteSteps.ThenReciboElMensaje("Pausing the song.") (0,0s)&#xD;
</Text>
      </RunInfo>
      <RunInfo computerName="DESKTOP-9H3TDUQ" outcome="Warning" timestamp="2025-10-31T22:16:17.7672501-05:00">
        <Text>Given un reproductor de música&#xD;
-&gt; done: MusicRemoteSteps.GivenUnReproductorDeMusica() (0,0s)&#xD;
And un control remoto de música&#xD;
-&gt; done: MusicRemoteSteps.GivenUnControlRemotoDeMusica() (0,0s)&#xD;
And el comando Skip configurado en el control remoto&#xD;
-&gt; done: MusicRemoteSteps.GivenElComandoConfiguradoEnElControlRemoto("Skip") (0,0s)&#xD;
When presiono el botón del control remoto&#xD;
-&gt; done: MusicRemoteSteps.WhenPresionoElBotonDelControlRemoto() (0,0s)&#xD;
Then recibo el mensaje Skipping to the next song.&#xD;
-&gt; done: MusicRemoteSteps.ThenReciboElMensaje("Skipping to the n...") (0,0s)&#xD;
</Text>
      </RunInfo>
    </RunInfos>
  </ResultSummary>
</TestRun>